# example.com backend_main_site
test.com backend_testing
shop.example.com backend_ecommerce
# files.example.com backend_ecommerce
# support.example.com backend_main_site
# profile.example.com backend_api
# reports.example.com backend_main_site
partners.example.com backend_testing
# auth.example.com backend_main_site
login.example.com backend_testing
upload.example.com backend_ecommerce
games.example.com backend_main_site
music.example.com backend_testing
video.example.com backend_api
stream.example.com backend_ecommerce
live.example.com backend_blog
chat.example.com backend_main_site
feedback.example.com backend_testing
survey.example.com backend_api
events.example.com backend_ecommerce
conference.example.com backend_blog
training.example.com backend_main_site
school.example.com backend_testing
library.example.com backend_api
books.example.com backend_ecommerce
recipes.example.com backend_blog
# travel.example.com backend_main_site
weather.example.com backend_testing
maps.example.com backend_api
services.example.com backend_ecommerce
api1.example.com backend_blog
api2.example.com backend_main_site
api3.example.com backend_testing
monitoring.example.com backend_api
status.example.com backend_ecommerce
health.example.com backend_blog
hr.example.com backend_main_site
jobs.example.com backend_testing
finance.example.com backend_api
legal.example.com backend_ecommerce
security.example.com backend_blog
addeddomain.com backend_api
# inactivedomain.com backend_testing
testdomain.it undefined
working.it backend_main_site
# disappearing.at backend_api
# whynotworking.de backend_api
notstale.de backend_ecommerce
